// Jest Snapshot v1, https://goo.gl/fbAQLP

exports[`Board component default render 1`] = `
<DocumentFragment>
  <div
    class="board"
  >
    <div
      class="column"
    >
      test
    </div>
    <div
      class="column"
    >
      <input
        value="test title"
      />
      <span>
        <svg
          fill="none"
          height="24"
          stroke="currentColor"
          stroke-linecap="round"
          stroke-linejoin="round"
          stroke-width="2"
          viewBox="0 0 24 24"
          width="24"
          xmlns="http://www.w3.org/2000/svg"
        >
          <polyline
            points="20 6 9 17 4 12"
          />
        </svg>
        <svg
          fill="none"
          height="24"
          stroke="currentColor"
          stroke-linecap="round"
          stroke-linejoin="round"
          stroke-width="2"
          viewBox="0 0 24 24"
          width="24"
          xmlns="http://www.w3.org/2000/svg"
        >
          <circle
            cx="12"
            cy="12"
            r="10"
          />
          <line
            x1="15"
            x2="9"
            y1="9"
            y2="15"
          />
          <line
            x1="9"
            x2="15"
            y1="9"
            y2="15"
          />
        </svg>
      </span>
    </div>
    <div
      class="column"
    >
      Создать колонку
    </div>
  </div>
</DocumentFragment>
`;
